[    0.000000] Linux version 4.15.0-213-generic (buildd@lcy02-amd64-079) (gcc version 7.5.0 (Ubuntu 7.5.0-3ubuntu1~18.04)) #224-Ubuntu SMP Mon Jun 19 13:30:12 UTC 2023 (Ubuntu 4.15.0-213.224-generic 4.15.18)
[    0.000000] Command line: BOOT_IMAGE=/boot/vmlinuz-4.15.0-213-generic root=UUID=f685bb41-0e3b-40c4-89c1-eea0f0583525 ro console=tty1 console=ttyS0
[    0.000000] KERNEL supported cpus:
[    0.000000]   Intel GenuineIntel
[    0.000000]   AMD AuthenticAMD
[    0.000000]   Centaur CentaurHauls
[    0.000000] x86/fpu: Supporting XSAVE feature 0x001: 'x87 floating point registers'
[    0.000000] x86/fpu: Supporting XSAVE feature 0x002: 'SSE registers'
[    0.000000] x86/fpu: Supporting XSAVE feature 0x004: 'AVX registers'
[    0.000000] x86/fpu: xstate_offset[2]:  576, xstate_sizes[2]:  256
[    0.000000] x86/fpu: Enabled xstate features 0x7, context size is 832 bytes, using 'standard' format.
[    0.000000] e820: BIOS-provided physical RAM map:
[    0.000000] BIOS-e820: [mem 0x0000000000000000-0x000000000009fbff] usable
[    0.000000] BIOS-e820: [mem 0x000000000009fc00-0x000000000009ffff] reserved
[    0.000000] BIOS-e820: [mem 0x00000000000f0000-0x00000000000fffff] reserved
[    0.000000] BIOS-e820: [mem 0x0000000000100000-0x000000003ffeffff] usable
[    0.000000] BIOS-e820: [mem 0x000000003fff0000-0x000000003fffffff] ACPI data
[    0.000000] BIOS-e820: [mem 0x00000000fec00000-0x00000000fec00fff] reserved
[    0.000000] BIOS-e820: [mem 0x00000000fee00000-0x00000000fee00fff] reserved
[    0.000000] BIOS-e820: [mem 0x00000000fffc0000-0x00000000ffffffff] reserved
[    0.000000] NX (Execute Disable) protection: active
[    0.000000] SMBIOS 2.5 present.
[    0.000000] DMI: innotek GmbH VirtualBox/VirtualBox, BIOS VirtualBox 12/01/2006
[    0.000000] Hypervisor detected: KVM
[    0.000000] e820: last_pfn = 0x3fff0 max_arch_pfn = 0x400000000
[    0.000000] MTRR: Disabled
[    0.000000] x86/PAT: MTRRs disabled, skipping PAT initialization too.
[    0.000000] CPU MTRRs all blank - virtualized system.
[    0.000000] x86/PAT: Configuration [0-7]: WB  WT  UC- UC  WB  WT  UC- UC  
[    0.000000] found SMP MP-table at [mem 0x0009fff0-0x0009ffff]
[    0.000000] Scanning 1 areas for low memory corruption
[    0.000000] RAMDISK: [mem 0x35819000-0x36c03fff]
[    0.000000] ACPI: Early table checksum verification disabled
[    0.000000] ACPI: RSDP 0x00000000000E0000 000024 (v02 VBOX  )
[    0.000000] ACPI: XSDT 0x000000003FFF0030 00003C (v01 VBOX   VBOXXSDT 00000001 ASL  00000061)
[    0.000000] ACPI: FACP 0x000000003FFF00F0 0000F4 (v04 VBOX   VBOXFACP 00000001 ASL  00000061)
[    0.000000] ACPI: DSDT 0x000000003FFF0610 002353 (v02 VBOX   VBOXBIOS 00000002 INTL 20100528)
[    0.000000] ACPI: FACS 0x000000003FFF0200 000040
[    0.000000] ACPI: FACS 0x000000003FFF0200 000040
[    0.000000] ACPI: APIC 0x000000003FFF0240 00005C (v02 VBOX   VBOXAPIC 00000001 ASL  00000061)
[    0.000000] ACPI: SSDT 0x000000003FFF02A0 00036C (v01 VBOX   VBOXCPUT 00000002 INTL 20100528)
[    0.000000] ACPI: Reserving FACP table memory at [mem 0x3fff00f0-0x3fff01e3]
[    0.000000] ACPI: Reserving DSDT table memory at [mem 0x3fff0610-0x3fff2962]
[    0.000000] ACPI: Reserving FACS table memory at [mem 0x3fff0200-0x3fff023f]
[    0.000000] ACPI: Reserving FACS table memory at [mem 0x3fff0200-0x3fff023f]
[    0.000000] ACPI: Reserving APIC table memory at [mem 0x3fff0240-0x3fff029b]
[    0.000000] ACPI: Reserving SSDT table memory at [mem 0x3fff02a0-0x3fff060b]
[    0.000000] No NUMA configuration found
[    0.000000] Faking a node at [mem 0x0000000000000000-0x000000003ffeffff]
[    0.000000] NODE_DATA(0) allocated [mem 0x3ffc5000-0x3ffeffff]
[    0.000000] kvm-clock: cpu 0, msr 0:3ff44001, primary cpu clock
[    0.000000] kvm-clock: Using msrs 4b564d01 and 4b564d00
[    0.000000] kvm-clock: using sched offset of 3347990959 cycles
[    0.000000] clocksource: kvm-clock: mask: 0xffffffffffffffff max_cycles: 0x1cd42e4dffb, max_idle_ns: 881590591483 ns
[    0.000000] Zone ranges:
[    0.000000]   DMA      [mem 0x0000000000001000-0x0000000000ffffff]
[    0.000000]   DMA32    [mem 0x0000000001000000-0x000000003ffeffff]
[    0.000000]   Normal   empty
[    0.000000]   Device   empty
[    0.000000] Movable zone start for each node
[    0.000000] Early memory node ranges
[    0.000000]   node   0: [mem 0x0000000000001000-0x000000000009efff]
[    0.000000]   node   0: [mem 0x0000000000100000-0x000000003ffeffff]
[    0.000000] Reserved but unavailable: 104 pages
[    0.000000] Initmem setup node 0 [mem 0x0000000000001000-0x000000003ffeffff]
[    0.000000] ACPI: PM-Timer IO Port: 0x4008
[    0.000000] IOAPIC[0]: apic_id 2, version 32, address 0xfec00000, GSI 0-23
[    0.000000] ACPI: INT_SRC_OVR (bus 0 bus_irq 0 global_irq 2 dfl dfl)
[    0.000000] ACPI: INT_SRC_OVR (bus 0 bus_irq 9 global_irq 9 low level)
[    0.000000] Using ACPI (MADT) for SMP configuration information
[    0.000000] smpboot: Allowing 2 CPUs, 0 hotplug CPUs
[    0.000000] PM: Registered nosave memory: [mem 0x00000000-0x00000fff]
[    0.000000] PM: Registered nosave memory: [mem 0x0009f000-0x0009ffff]
[    0.000000] PM: Registered nosave memory: [mem 0x000a0000-0x000effff]
[    0.000000] PM: Registered nosave memory: [mem 0x000f0000-0x000fffff]
[    0.000000] e820: [mem 0x40000000-0xfebfffff] available for PCI devices
[    0.000000] Booting paravirtualized kernel on KVM
[    0.000000] clocksource: refined-jiffies: mask: 0xffffffff max_cycles: 0xffffffff, max_idle_ns: 7645519600211568 ns
[    0.000000] setup_percpu: NR_CPUS:8192 nr_cpumask_bits:2 nr_cpu_ids:2 nr_node_ids:1
[    0.000000] percpu: Embedded 50 pages/cpu s167936 r8192 d28672 u1048576
[    0.000000] PV qspinlock hash table entries: 256 (order: 0, 4096 bytes)
[    0.000000] Built 1 zonelists, mobility grouping on.  Total pages: 257913
[    0.000000] Policy zone: DMA32
[    0.000000] Kernel command line: BOOT_IMAGE=/boot/vmlinuz-4.15.0-213-generic root=UUID=f685bb41-0e3b-40c4-89c1-eea0f0583525 ro console=tty1 console=ttyS0
[    0.000000] Memory: 981776K/1048120K available (12300K kernel code, 2477K rwdata, 4324K rodata, 2480K init, 2720K bss, 66344K reserved, 0K cma-reserved)
[    0.000000] SLUB: HWalign=64, Order=0-3, MinObjects=0, CPUs=2, Nodes=1
[    0.000000] Kernel/User page tables isolation: enabled
[    0.000000] ftrace: allocating 39508 entries in 155 pages
[    0.004000] Hierarchical RCU implementation.
[    0.004000] 	RCU restricting CPUs from NR_CPUS=8192 to nr_cpu_ids=2.
[    0.004000] 	Tasks RCU enabled.
[    0.004000] RCU: Adjusting geometry for rcu_fanout_leaf=16, nr_cpu_ids=2
[    0.004000] NR_IRQS: 524544, nr_irqs: 440, preallocated irqs: 16
[    0.004000] random: crng init done
[    0.004000] Console: colour VGA+ 80x25
[    0.004000] console [tty1] enabled
[    0.004000] console [ttyS0] enabled
[    0.004000] ACPI: Core revision 20170831
[    0.004000] ACPI: 2 ACPI AML tables successfully acquired and loaded
[    0.004000] APIC: Switch to symmetric I/O mode setup
[    0.004000] x2apic enabled
[    0.004000] Switched APIC routing to physical x2apic.
[    0.005945] ..TIMER: vector=0x30 apic1=0 pin1=2 apic2=-1 pin2=-1
[    0.008006] tsc: Detected 2903.996 MHz processor
[    0.009590] Calibrating delay loop (skipped) preset value.. 5807.99 BogoMIPS (lpj=11615984)
[    0.012004] pid_max: default: 32768 minimum: 301
[    0.012977] Security Framework initialized
[    0.013751] Yama: becoming mindful.
[    0.014440] AppArmor: AppArmor initialized
[    0.018680] Dentry cache hash table entries: 131072 (order: 8, 1048576 bytes)
[    0.020066] Inode-cache hash table entries: 65536 (order: 7, 524288 bytes)
[    0.021340] Mount-cache hash table entries: 2048 (order: 2, 16384 bytes)
[    0.022555] Mountpoint-cache hash table entries: 2048 (order: 2, 16384 bytes)
[    0.024308] Last level iTLB entries: 4KB 64, 2MB 8, 4MB 8
[    0.025309] Last level dTLB entries: 4KB 64, 2MB 0, 4MB 0, 1GB 4
[    0.026410] Spectre V1 : Mitigation: usercopy/swapgs barriers and __user pointer sanitization
[    0.028004] Spectre V2 : Mitigation: Retpolines
[    0.028983] Spectre V2 : Spectre v2 / SpectreRSB mitigation: Filling RSB on context switch
[    0.030500] Spectre V2 : Spectre v2 / SpectreRSB : Filling RSB on VMEXIT
[    0.032002] RETBleed: WARNING: Spectre v2 mitigation leaves CPU vulnerable to RETBleed attacks, data leaks possible!
[    0.034386] RETBleed: Vulnerable
[    0.035471] Speculative Store Bypass: Vulnerable
[    0.036109] MDS: Mitigation: Clear CPU buffers
[    0.037253] MMIO Stale Data: Mitigation: Clear CPU buffers
[    0.038578] SRBDS: Unknown: Dependent on hypervisor status
[    0.040203] Freeing SMP alternatives memory: 36K
[    0.152069] smpboot: CPU0: Intel(R) Core(TM) i7-7500U CPU @ 2.70GHz (family: 0x6, model: 0x8e, stepping: 0x9)
[    0.154017] Performance Events: unsupported p6 CPU model 142 no PMU driver, software events only.
[    0.155666] Hierarchical SRCU implementation.
[    0.156597] NMI watchdog: Perf event create on CPU 0 failed with -2
[    0.157938] NMI watchdog: Perf NMI watchdog permanently disabled
[    0.159607] smp: Bringing up secondary CPUs ...
[    0.160085] x86: Booting SMP configuration:
[    0.161150] .... node  #0, CPUs:      #1
[    0.004000] kvm-clock: cpu 1, msr 0:3ff44041, secondary cpu clock
[    0.166836] smp: Brought up 1 node, 2 CPUs
[    0.166836] smpboot: Max logical packages: 1
[    0.168006] smpboot: Total of 2 processors activated (11615.98 BogoMIPS)
[    0.169346] devtmpfs: initialized
[    0.169346] x86/mm: Memory block size: 128MB
[    0.169688] evm: security.selinux
[    0.172003] evm: security.SMACK64
[    0.172754] evm: security.SMACK64EXEC
[    0.173453] evm: security.SMACK64TRANSMUTE
[    0.174227] evm: security.SMACK64MMAP
[    0.175036] evm: security.apparmor
[    0.176003] evm: security.ima
[    0.176674] evm: security.capability
[    0.177459] clocksource: jiffies: mask: 0xffffffff max_cycles: 0xffffffff, max_idle_ns: 7645041785100000 ns
[    0.180013] futex hash table entries: 512 (order: 3, 32768 bytes)
[    0.181146] pinctrl core: initialized pinctrl subsystem
[    0.184123] RTC time: 21:14:39, date: 07/12/23
[    0.185408] NET: Registered protocol family 16
[    0.188088] audit: initializing netlink subsys (disabled)
[    0.189558] audit: type=2000 audit(1689196484.145:1): state=initialized audit_enabled=0 res=1
[    0.189558] cpuidle: using governor ladder
[    0.192010] cpuidle: using governor menu
[    0.192812] ACPI: bus type PCI registered
[    0.193718] acpiphp: ACPI Hot Plug PCI Controller Driver version: 0.5
[    0.195085] PCI: Using configuration type 1 for base access
[    0.196978] HugeTLB registered 2.00 MiB page size, pre-allocated 0 pages
[    0.200070] ACPI: Added _OSI(Module Device)
[    0.201060] ACPI: Added _OSI(Processor Device)
[    0.201972] ACPI: Added _OSI(3.0 _SCP Extensions)
[    0.203061] ACPI: Added _OSI(Processor Aggregator Device)
[    0.204004] ACPI: Added _OSI(Linux-Dell-Video)
[    0.204874] ACPI: Added _OSI(Linux-Lenovo-NV-HDMI-Audio)
[    0.205974] ACPI: Added _OSI(Linux-HPI-Hybrid-Graphics)
[    0.207393] ACPI: Executed 1 blocks of module-level executable AML code
[    0.213048] ACPI: Interpreter enabled
[    0.213861] ACPI: (supports S0 S5)
[    0.214633] ACPI: Using IOAPIC for interrupt routing
[    0.216459] PCI: Using host bridge windows from ACPI; if necessary, use "pci=nocrs" and report a bug
[    0.218557] ACPI: Enabled 2 GPEs in block 00 to 07
[    0.228660] ACPI: PCI Root Bridge [PCI0] (domain 0000 [bus 00-ff])
[    0.230128] acpi PNP0A03:00: _OSC: OS supports [ASPM ClockPM Segments MSI]
[    0.232000] acpi PNP0A03:00: _OSC: not requesting OS control; OS requires [ExtendedConfig ASPM ClockPM MSI]
[    0.232016] acpi PNP0A03:00: fail to add MMCONFIG information, can't access extended PCI configuration space under this bridge.
[    0.236477] PCI host bridge to bus 0000:00
[    0.238216] pci_bus 0000:00: root bus resource [io  0x0000-0x0cf7 window]
[    0.240004] pci_bus 0000:00: root bus resource [io  0x0d00-0xffff window]
[    0.241664] pci_bus 0000:00: root bus resource [mem 0x000a0000-0x000bffff window]
[    0.244009] pci_bus 0000:00: root bus resource [mem 0x40000000-0xfdffffff window]
[    0.245556] pci_bus 0000:00: root bus resource [bus 00-ff]
[    0.249908] pci 0000:00:01.1: legacy IDE quirk: reg 0x10: [io  0x01f0-0x01f7]
[    0.251838] pci 0000:00:01.1: legacy IDE quirk: reg 0x14: [io  0x03f6]
[    0.252004] pci 0000:00:01.1: legacy IDE quirk: reg 0x18: [io  0x0170-0x0177]
[    0.253615] pci 0000:00:01.1: legacy IDE quirk: reg 0x1c: [io  0x0376]
[    0.274924] pci 0000:00:07.0: quirk: [io  0x4000-0x403f] claimed by PIIX4 ACPI
[    0.276111] pci 0000:00:07.0: quirk: [io  0x4100-0x410f] claimed by PIIX4 SMB
[    0.285741] ACPI: PCI Interrupt Link [LNKA] (IRQs 5 9 10 *11)
[    0.287820] ACPI: PCI Interrupt Link [LNKB] (IRQs 5 9 *10 11)
[    0.288131] ACPI: PCI Interrupt Link [LNKC] (IRQs 5 *9 10 11)
[    0.289378] ACPI: PCI Interrupt Link [LNKD] (IRQs 5 9 10 *11)
[    0.292448] SCSI subsystem initialized
[    0.293661] pci 0000:00:02.0: vgaarb: setting as boot VGA device
[    0.293661] pci 0000:00:02.0: vgaarb: VGA device added: decodes=io+mem,owns=io+mem,locks=none
[    0.296014] pci 0000:00:02.0: vgaarb: bridge control possible
[    0.297183] vgaarb: loaded
[    0.298000] ACPI: bus type USB registered
[    0.300029] usbcore: registered new interface driver usbfs
[    0.301137] usbcore: registered new interface driver hub
[    0.302212] usbcore: registered new device driver usb
[    0.304039] EDAC MC: Ver: 3.0.0
[    0.305110] PCI: Using ACPI for IRQ routing
[    0.305412] NetLabel: Initializing
[    0.306172] NetLabel:  domain hash size = 128
[    0.308008] NetLabel:  protocols = UNLABELED CIPSOv4 CALIPSO
[    0.310055] NetLabel:  unlabeled traffic allowed by default
[    0.312081] clocksource: Switched to clocksource kvm-clock
[    0.331083] VFS: Disk quotas dquot_6.6.0
[    0.332557] VFS: Dquot-cache hash table entries: 512 (order 0, 4096 bytes)
[    0.334240] AppArmor: AppArmor Filesystem Enabled
[    0.335225] pnp: PnP ACPI init
[    0.337059] pnp: PnP ACPI: found 3 devices
[    0.347550] clocksource: acpi_pm: mask: 0xffffff max_cycles: 0xffffff, max_idle_ns: 2085701024 ns
[    0.349921] NET: Registered protocol family 2
[    0.350857] IP idents hash table entries: 16384 (order: 5, 131072 bytes)
[    0.354933] TCP established hash table entries: 8192 (order: 4, 65536 bytes)
[    0.356478] TCP bind hash table entries: 8192 (order: 5, 131072 bytes)
[    0.358035] TCP: Hash tables configured (established 8192 bind 8192)
[    0.360014] UDP hash table entries: 512 (order: 2, 16384 bytes)
[    0.361421] UDP-Lite hash table entries: 512 (order: 2, 16384 bytes)
[    0.362748] NET: Registered protocol family 1
[    0.363705] pci 0000:00:00.0: Limiting direct PCI/PCI transfers
[    0.364990] pci 0000:00:01.0: Activating ISA DMA hang workarounds
[    0.366231] pci 0000:00:02.0: Video device with shadowed ROM at [mem 0x000c0000-0x000dffff]
[    0.368181] Unpacking initramfs...
[    0.710626] Freeing initrd memory: 20396K
[    0.711603] clocksource: tsc: mask: 0xffffffffffffffff max_cycles: 0x29dc020bb13, max_idle_ns: 440795273180 ns
[    0.713896] platform rtc_cmos: registered platform RTC device (no PNP device found)
[    0.715523] Scanning for low memory corruption every 60 seconds
[    0.717791] Initialise system trusted keyrings
[    0.718704] Key type blacklist registered
[    0.719672] workingset: timestamp_bits=36 max_order=18 bucket_order=0
[    0.721895] zbud: loaded
[    0.722974] squashfs: version 4.0 (2009/01/31) Phillip Lougher
[    0.724839] fuse init (API version 7.26)
[    0.728758] Key type asymmetric registered
[    0.729657] Asymmetric key parser 'x509' registered
[    0.730805] Block layer SCSI generic (bsg) driver version 0.4 loaded (major 246)
[    0.732518] io scheduler noop registered
[    0.733397] io scheduler deadline registered
[    0.734328] io scheduler cfq registered (default)
[    0.735618] ACPI: AC Adapter [AC] (on-line)
[    0.736904] input: Power Button as /devices/LNXSYSTM:00/LNXPWRBN:00/input/input0
[    0.739058] ACPI: Power Button [PWRF]
[    0.740524] input: Sleep Button as /devices/LNXSYSTM:00/LNXSLPBN:00/input/input1
[    0.742035] ACPI: Sleep Button [SLPF]
[    0.744172] Serial: 8250/16550 driver, 32 ports, IRQ sharing enabled
[    0.744256] ACPI: Battery Slot [BAT0] (battery present)
[    0.767911] 00:02: ttyS0 at I/O 0x3f8 (irq = 4, base_baud = 115200) is a 16550A
[    0.770864] Linux agpgart interface v0.103
[    0.773100] loop: module loaded
[    0.774655] scsi host0: ata_piix
[    0.775538] scsi host1: ata_piix
[    0.776361] ata1: PATA max UDMA/33 cmd 0x1f0 ctl 0x3f6 bmdma 0xd000 irq 14
[    0.777841] ata2: PATA max UDMA/33 cmd 0x170 ctl 0x376 bmdma 0xd008 irq 15
[    0.779693] tun: Universal TUN/TAP device driver, 1.6
[    0.780970] PPP generic driver version 2.4.2
[    0.781981] ehci_hcd: USB 2.0 'Enhanced' Host Controller (EHCI) Driver
[    0.783581] ehci-pci: EHCI PCI platform driver
[    0.784466] ehci-platform: EHCI generic platform driver
[    0.785413] ohci_hcd: USB 1.1 'Open' Host Controller (OHCI) Driver
[    0.786661] ohci-pci: OHCI PCI platform driver
[    0.787834] ohci-platform: OHCI generic platform driver
[    0.790004] uhci_hcd: USB Universal Host Controller Interface driver
[    0.792111] i8042: PNP: PS/2 Controller [PNP0303:PS2K,PNP0f03:PS2M] at 0x60,0x64 irq 1,12
[    0.795131] serio: i8042 KBD port at 0x60,0x64 irq 1
[    0.796100] serio: i8042 AUX port at 0x60,0x64 irq 12
[    0.797422] mousedev: PS/2 mouse device common for all mice
[    0.800770] input: AT Translated Set 2 keyboard as /devices/platform/i8042/serio0/input/input2
[    0.803320] rtc_cmos rtc_cmos: rtc core: registered rtc_cmos as rtc0
[    0.805621] rtc_cmos rtc_cmos: alarms up to one day, 114 bytes nvram
[    0.807764] i2c /dev entries driver
[    0.809036] device-mapper: uevent: version 1.0.3
[    0.810590] device-mapper: ioctl: 4.37.0-ioctl (2017-09-20) initialised: dm-devel@redhat.com
[    0.813090] ledtrig-cpu: registered to indicate activity on CPUs
[    0.815348] NET: Registered protocol family 10
[    0.820388] Segment Routing with IPv6
[    0.821304] NET: Registered protocol family 17
[    0.822425] Key type dns_resolver registered
[    0.823868] mce: Using 0 MCE banks
[    0.824736] RAS: Correctable Errors collector initialized.
[    0.825912] sched_clock: Marking stable (824714469, 0)->(1041230209, -216515740)
[    0.828281] registered taskstats version 1
[    0.829397] Loading compiled-in X.509 certificates
[    0.833162] Loaded X.509 cert 'Build time autogenerated kernel key: cdc7189136aaa35407544516090e2034d9c28e14'
[    0.835555] Loaded X.509 cert 'Canonical Ltd. Live Patch Signing: 14df34d1a87cf37625abec039ef2bf521249b969'
[    0.838313] Loaded X.509 cert 'Canonical Ltd. Kernel Module Signing: 88f752e560a1e0737e31163a466ad7b70a850c19'
[    0.840150] blacklist: Loading compiled-in revocation X.509 certificates
[    0.841498] Loaded X.509 cert 'Canonical Ltd. Secure Boot Signing: 61482aa2830d0ab2ad5af10b7250da9033ddcef0'
[    0.843439] Loaded X.509 cert 'Canonical Ltd. Secure Boot Signing (2017): 242ade75ac4a15e50d50c84b0d45ff3eae707a03'
[    0.845727] Loaded X.509 cert 'Canonical Ltd. Secure Boot Signing (ESM 2018): 365188c1d374d6b07c3c8f240f8ef722433d6a8b'
[    0.848106] Loaded X.509 cert 'Canonical Ltd. Secure Boot Signing (2019): c0746fd6c5da3ae827864651ad66ae47fe24b3e8'
[    0.850517] Loaded X.509 cert 'Canonical Ltd. Secure Boot Signing (2021 v1): a8d54bbb3825cfb94fa13c9f8a594a195c107b8d'
[    0.852466] Loaded X.509 cert 'Canonical Ltd. Secure Boot Signing (2021 v2): 4cf046892d6fd3c9a5b03f98d845f90851dc6a8c'
[    0.854383] Loaded X.509 cert 'Canonical Ltd. Secure Boot Signing (2021 v3): 100437bb6de6e469b581e61cd66bce3ef4ed53af'
[    0.856455] Loaded X.509 cert 'Canonical Ltd. Secure Boot Signing (Ubuntu Core 2019): c1d57b8f6b743f23ee41f4f7ee292f06eecadfb9'
[    0.858707] zswap: loaded using pool lzo/zbud
[    0.863496] Key type big_key registered
[    0.864596] Key type trusted registered
[    0.867243] Key type encrypted registered
[    0.868170] AppArmor: AppArmor sha1 policy hashing enabled
[    0.869562] ima: No TPM chip found, activating TPM-bypass! (rc=-19)
[    0.870923] ima: Allocated hash algorithm: sha1
[    0.871876] evm: HMAC attrs: 0x1
[    0.872912]   Magic number: 15:304:247
[    0.874170] rtc_cmos rtc_cmos: setting system clock to 2023-07-12 21:14:40 UTC (1689196480)
[    0.876396] BIOS EDD facility v0.16 2004-Jun-25, 0 devices found
[    0.877623] EDD information not available.
[    1.185171] Freeing unused kernel image memory: 2480K
[    1.435736] Write protecting the kernel read-only data: 20480k
[    1.438065] Freeing unused kernel image memory: 2008K
[    1.439553] Freeing unused kernel image memory: 1820K
[    1.448521] x86/mm: Checked W+X mappings: passed, no W+X pages found.
[    1.449904] x86/mm: Checking user space page tables
[    1.458910] x86/mm: Checked W+X mappings: passed, no W+X pages found.
Loading, please wait...
starting version 237
[    1.539294] Fusion MPT base driver 3.04.20
[    1.540680] Copyright (c) 1999-2008 LSI Corporation
[    1.564873] e1000: Intel(R) PRO/1000 Network Driver - version 7.3.21-k8-NAPI
[    1.567021] e1000: Copyright (c) 1999-2006 Intel Corporation.
[    1.570755] AVX2 version of gcm_enc/dec engaged.
[    1.572259] AES CTR mode by8 optimization enabled
[    1.578345] Fusion MPT SPI Host driver 3.04.20
[    1.755339] input: ImExPS/2 Generic Explorer Mouse as /devices/platform/i8042/serio1/input/input4
[    2.006717] e1000 0000:00:03.0 eth0: (PCI:33MHz:32-bit) 02:3b:7b:b7:3b:2d
[    2.009504] e1000 0000:00:03.0 eth0: Intel(R) PRO/1000 Network Connection
[    2.017166] mptbase: ioc0: Initiating bringup
[    2.023982] e1000 0000:00:03.0 enp0s3: renamed from eth0
[    2.128735] ioc0: LSI53C1030 A0: Capabilities={Initiator}
[    2.371289] scsi host2: ioc0: LSI53C1030 A0, FwRev=00000000h, Ports=1, MaxQ=256, IRQ=20
[    2.540549] scsi 2:0:0:0: Direct-Access     VBOX     HARDDISK         1.0  PQ: 0 ANSI: 5
[    2.572441] scsi target2:0:0: Beginning Domain Validation
[    2.576296] scsi target2:0:0: Domain Validation skipping write tests
[    2.577535] scsi target2:0:0: Ending Domain Validation
[    2.578605] scsi target2:0:0: asynchronous
[    2.580525] scsi 2:0:1:0: Direct-Access     VBOX     HARDDISK         1.0  PQ: 0 ANSI: 5
[    2.612842] scsi target2:0:1: Beginning Domain Validation
[    2.616472] scsi target2:0:1: Domain Validation skipping write tests
[    2.617994] scsi target2:0:1: Ending Domain Validation
[    2.619430] scsi target2:0:1: asynchronous
[    2.626202] sd 2:0:0:0: Attached scsi generic sg0 type 0
[    2.626262] sd 2:0:0:0: [sda] 83886080 512-byte logical blocks: (42.9 GB/40.0 GiB)
[    2.629745] sd 2:0:0:0: [sda] Write Protect is off
[    2.630958] sd 2:0:1:0: Attached scsi generic sg1 type 0
[    2.630998] sd 2:0:0:0: [sda] Incomplete mode parameter data
[    2.633868] sd 2:0:0:0: [sda] Assuming drive cache: write through
[    2.635298] sd 2:0:1:0: [sdb] 20480 512-byte logical blocks: (10.5 MB/10.0 MiB)
[    2.637082] sd 2:0:1:0: [sdb] Write Protect is off
[    2.638265] sd 2:0:1:0: [sdb] Incomplete mode parameter data
[    2.639430] sd 2:0:1:0: [sdb] Assuming drive cache: write through
[    2.642492]  sda: sda1
[    2.643296] sd 2:0:1:0: [sdb] Attached SCSI disk
[    2.645612] sd 2:0:0:0: [sda] Attached SCSI disk
Begin: Loading essential drivers ... [    4.272081] raid6: sse2x1   gen() 11738 MB/s
[    4.320097] raid6: sse2x1   xor()  8566 MB/s
[    4.368045] raid6: sse2x2   gen() 13406 MB/s
[    4.416092] raid6: sse2x2   xor()  9216 MB/s
[    4.464092] raid6: sse2x4   gen() 16403 MB/s
[    4.512101] raid6: sse2x4   xor() 10148 MB/s
[    4.560098] raid6: avx2x1   gen() 24019 MB/s
[    4.608065] raid6: avx2x1   xor() 15877 MB/s
[    4.656078] raid6: avx2x2   gen() 28029 MB/s
[    4.704153] raid6: avx2x2   xor() 17548 MB/s
[    4.752075] raid6: avx2x4   gen() 32277 MB/s
[    4.800056] raid6: avx2x4   xor() 19256 MB/s
[    4.801431] raid6: using algorithm avx2x4 gen() 32277 MB/s
[    4.802950] raid6: .... xor() 19256 MB/s, rmw enabled
[    4.804288] raid6: using avx2x2 recovery algorithm
[    4.811092] xor: automatically using best checksumming function   avx       
[    4.814397] async_tx: api initialized (async)
done.
Begin: Running /scripts/init-premount ... done.
Begin: Mounting root file system ... Begin: Running /scripts/local-top ... done.
Begin: Running /scripts/local-premount ... [    4.866595] Btrfs loaded, crc32c=crc32c-intel
Scanning for Btrfs filesystems
done.
Begin: Will now check root file system ... fsck from util-linux 2.31.1
[/sbin/fsck.ext4 (1) -- /dev/sda1] fsck.ext4 -a -C0 /dev/sda1 
cloudimg-rootfs: clean, 154011/5120000 files, 976979/10485499 blocks
done.
[    4.911140] EXT4-fs (sda1): mounted filesystem with ordered data mode. Opts: (null)
done.
Begin: Running /scripts/local-bottom ... done.
Begin: Running /scripts/init-bottom ... done.
[    5.072891] ip_tables: (C) 2000-2006 Netfilter Core Team
[    5.083070] systemd[1]: systemd 237 running in system mode. (+PAM +AUDIT +SELINUX +IMA +APPARMOR +SMACK +SYSVINIT +UTMP +LIBCRYPTSETUP +GCRYPT +GNUTLS +ACL +XZ +LZ4 +SECCOMP +BLKID +ELFUTILS +KMOD -IDN2 +IDN -PCRE2 default-hierarchy=hybrid)
[    5.089534] systemd[1]: Detected virtualization oracle.
[    5.091230] systemd[1]: Detected architecture x86-64.

Welcome to [1mUbuntu 18.04.6 LTS[0m!

[    5.097849] systemd[1]: Set hostname to <ubuntu-bionic>.
[    5.349938] systemd[1]: Reached target Swap.
[[0;32m  OK  [0m] Reached target Swap.
[    5.352858] systemd[1]: Created slice System Slice.
[[0;32m  OK  [0m] Created slice System Slice.
[    5.365422] systemd[1]: Created slice system-postgresql.slice.
[[0;32m  OK  [0m] Created slice system-postgresql.slice.
[    5.381278] systemd[1]: Listening on Device-mapper event daemon FIFOs.
[[0;32m  OK  [0m] Listening on Device-mapper event daemon FIFOs.
[    5.383728] systemd[1]: Created slice system-serial\x2dgetty.slice.
[[0;32m  OK  [0m] Created slice system-serial\x2dgetty.slice.
[    5.399738] systemd[1]: Listening on udev Control Socket.
[[0;32m  OK  [0m] Listening on udev Control Socket.
[[0;32m  OK  [0m] Listening on Syslog Socket.
[[0;32m  OK  [0m] Listening on Network Service Netlink Socket.
[[0;32m  OK  [0m] Reached target User and Group Name Lookups.
[[0;32m  OK  [0m] Listening on LVM2 metadata daemon socket.
[[0;32m  OK  [0m] Reached target System Time Synchronized.
[[0;32m  OK  [0m] Listening on udev Kernel Socket.
[[0;32m  OK  [0m] Listening on Journal Socket.
         Mounting POSIX Message Queue File System...
         Starting Load Kernel Modules...
         Starting Set the console keyboard layout...
         Starting udev Coldplug all Devices...
[    5.494896] Loading iSCSI transport class v2.0-870.
         Mounting Kernel Debug File System...
         Starting Monitoring of LVM2 mirrorsâ€¦ng dmeventd or progress polling...
         Starting Create list of required stâ€¦ce nodes for the current kernel...
[    5.511076] iscsi: registered transport (tcp)
         Mounting Huge Pages File System...
         Starting Uncomplicated firewall...
[[0;32m  OK  [0m] Set up automount Arbitrary Executabâ€¦rmats File System Automount Point.
[[0;32m  OK  [0m] Listening on LVM2 poll daemon socket.
[[0;32m  OK  [0m] Listening on fsck to fsckd communication Socket.
[[0;32m  OK  [0m] Created slice User and Session Slice.
[[0;32m  OK  [0m] Reached target Slices.
[[0;32m  OK  [0m] Reached target Mounting snaps.
[[0;32m  OK  [0m] Reached target Mounted snaps.
[[0;32m  OK  [0m] Listening on /dev/initctl Compatibility Named Pipe.
         Starting Remount Root and Kernel File Systems...
[    5.587141] iscsi: registered transport (iser)
[[0;32m  OK  [0m] Listening on Journal Socket (/dev/log).
[[0;32m  OK  [0m] Started Forward Password Requests to Wall Directory Watch.
[    5.606678] EXT4-fs (sda1): re-mounted. Opts: (null)
[[0;32m  OK  [0m] Listening on Journal Audit Socket.
         Starting Journal Service...
[[0;32m  OK  [0m] Mounted POSIX Message Queue File System.
[[0;32m  OK  [0m] Started Load Kernel Modules.
[[0;32m  OK  [0m] Mounted Kernel Debug File System.
[[0;32m  OK  [0m] Started Create list of required staâ€¦vice nodes for the current kernel.
[[0;32m  OK  [0m] Mounted Huge Pages File System.
[[0;32m  OK  [0m] Started Uncomplicated firewall.
[[0;32m  OK  [0m] Started Remount Root and Kernel File Systems.
[[0;32m  OK  [0m] Started LVM2 metadata daemon.
         Starting Load/Save Random Seed...
         Starting Create Static Device Nodes in /dev...
         Mounting FUSE Control File System...
         Mounting Kernel Configuration File System...
         Starting Apply Kernel Variables...
[[0;32m  OK  [0m] Started Monitoring of LVM2 mirrors,â€¦sing dmeventd or progress polling.
[[0;32m  OK  [0m] Started udev Coldplug all Devices.
[[0;32m  OK  [0m] Mounted Kernel Configuration File System.
[[0;32m  OK  [0m] Mounted FUSE Control File System.
[[0;32m  OK  [0m] Started Load/Save Random Seed.
[[0;32m  OK  [0m] Started Journal Service.
         Starting Flush Journal to Persistent Storage...
[[0;32m  OK  [0m] Started Create Static Device Nodes in /dev.
         Starting udev Kernel Device Manager...
[[0;32m  OK  [0m] Started Apply Kernel Variables.
[[0;32m  OK  [0m] Started Set the console keyboard layout.
[[0;32m  OK  [0m] Reached target Local File Systems (Pre).
[[0;32m  OK  [0m] Reached target Local File Systems.
         Starting Tell Plymouth To Write Out Runtime Data...
         Starting ebtables ruleset management...
         Starting AppArmor initialization...
         Starting Set console font and keymap...
[[0;32m  OK  [0m] Started udev Kernel Device Manager.
[[0;32m  OK  [0m] Started Dispatch Password Requests to Console Directory Watch.
[[0;32m  OK  [0m] Reached target Local Encrypted Volumes.
[[0;32m  OK  [0m] Started Tell Plymouth To Write Out Runtime Data.
[[0;32m  OK  [0m] Started Set console font and keymap.
[[0;32m  OK  [0m] Started Flush Journal to Persistent Storage.
         Starting Create Volatile Files and Directories...
[[0;32m  OK  [0m] Started ebtables ruleset management.
[[0;32m  OK  [0m] Started Create Volatile Files and Directories.
         Starting Update UTMP about System Boot/Shutdown...
[[0;32m  OK  [0m] Started Update UTMP about System Boot/Shutdown.
[[0;32m  OK  [0m] Found device /dev/ttyS0.
[[0;32m  OK  [0m] Listening on Load/Save RF Kill Switch Status /dev/rfkill Watch.
[[0;32m  OK  [0m] Started AppArmor initialization.
         Starting Load AppArmor profiles managed internally by snapd...
         Starting Initial cloud-init job (pre-networking)...
         Mounting Arbitrary Executable File Formats File System...
[[0;32m  OK  [0m] Mounted Arbitrary Executable File Formats File System.
[[0;32m  OK  [0m] Started Load AppArmor profiles managed internally by snapd.
[    7.780359] cloud-init[561]: Cloud-init v. 23.1.2-0ubuntu0~18.04.1 running 'init-local' at Wed, 12 Jul 2023 21:14:47 +0000. Up 7.52 seconds.
[[0;32m  OK  [0m] Started Initial cloud-init job (pre-networking).
[[0;32m  OK  [0m] Reached target Network (Pre).
         Starting Network Service...
[[0;32m  OK  [0m] Started Network Service.
         Starting Wait for Network to be Configured...
         Starting Network Name Resolution...
[[0;32m  OK  [0m] Started Network Name Resolution.
[[0;32m  OK  [0m] Reached target Network.
[[0;32m  OK  [0m] Reached target Host and Network Name Lookups.
[[0;32m  OK  [0m] Started Wait for Network to be Configured.
         Starting Initial cloud-init job (metadata service crawler)...
[   10.516823] cloud-init[682]: Cloud-init v. 23.1.2-0ubuntu0~18.04.1 running 'init' at Wed, 12 Jul 2023 21:14:49 +0000. Up 10.29 seconds.
[   10.528283] cloud-init[682]: ci-info: ++++++++++++++++++++++++++++++++++++++Net device info++++++++++++++++++++++++++++++++++++++
[   10.529515] cloud-init[682]: ci-info: +--------+------+----------------------------+---------------+--------+-------------------+
[   10.530734] cloud-init[682]: ci-info: | Device |  Up  |          Address           |      Mask     | Scope  |     Hw-Address    |
[   10.532415] cloud-init[682]: ci-info: +--------+------+----------------------------+---------------+--------+-------------------+
[   10.544220] cloud-init[682]: ci-info: | enp0s3 | True |         10.0.2.15          | 255.255.255.0 | global | 02:3b:7b:b7:3b:2d |
[   10.545791] cloud-init[682]: ci-info: | enp0s3 | True | fe80::3b:7bff:feb7:3b2d/64 |       .       |  link  | 02:3b:7b:b7:3b:2d |
[   10.547285] cloud-init[682]: ci-info: |   lo   | True |         127.0.0.1          |   255.0.0.0   |  host  |         .         |
[   10.556249] cloud-init[682]: ci-info: |   lo   | True |          ::1/128           |       .       |  host  |         .         |
[   10.568232] cloud-init[682]: ci-info: +--------+------+----------------------------+---------------+--------+-------------------+
[   10.580341] cloud-init[682]: ci-info: ++++++++++++++++++++++++++++Route IPv4 info+++++++++++++++++++++++++++++
[   10.592211] cloud-init[682]: ci-info: +-------+-------------+----------+-----------------+-----------+-------+
[   10.593331] cloud-init[682]: ci-info: | Route | Destination | Gateway  |     Genmask     | Interface | Flags |
[   10.595204] cloud-init[682]: ci-info: +-------+-------------+----------+-----------------+-----------+-------+
[   10.604270] cloud-init[682]: ci-info: |   0   |   0.0.0.0   | 10.0.2.2 |     0.0.0.0     |   enp0s3  |   UG  |
[   10.605814] cloud-init[682]: ci-info: |   1   |   10.0.2.0  | 0.0.0.0  |  255.255.255.0  |   enp0s3  |   U   |
[   10.607631] cloud-init[682]: ci-info: |   2   |   10.0.2.2  | 0.0.0.0  | 255.255.255.255 |   enp0s3  |   UH  |
[   10.621003] cloud-init[682]: ci-info: +-------+-------------+----------+-----------------+-----------+-------+
[   10.622286] cloud-init[682]: ci-info: +++++++++++++++++++Route IPv6 info+++++++++++++++++++
[   10.623392] cloud-init[682]: ci-info: +-------+-------------+---------+-----------+-------+
[   10.624501] cloud-init[682]: ci-info: | Route | Destination | Gateway | Interface | Flags |
[   10.640527] cloud-init[682]: ci-info: +-------+-------------+---------+-----------+-------+
[   10.642130] cloud-init[682]: ci-info: |   1   |  fe80::/64  |    ::   |   enp0s3  |   U   |
[   10.643577] cloud-init[682]: ci-info: |   3   |    local    |    ::   |   enp0s3  |   U   |
[   10.645158] cloud-init[682]: ci-info: |   4   |   ff00::/8  |    ::   |   enp0s3  |   U   |
[   10.646608] cloud-init[682]: ci-info: +-------+-------------+---------+-----------+-------+
[[0;32m  OK  [0m] Started Initial cloud-init job (metadata service crawler).
[[0;32m  OK  [0m] Reached target System Initialization.
[[0;32m  OK  [0m] Started Discard unused blocks once a week.
[[0;32m  OK  [0m] Started Daily apt download activities.
[[0;32m  OK  [0m] Started Ubuntu Advantage Timer for running repeated jobs.
         Starting Socket activation for snappy daemon.
[[0;32m  OK  [0m] Started Daily Cleanup of Temporary Directories.
[[0;32m  OK  [0m] Listening on UUID daemon activation socket.
[[0;32m  OK  [0m] Listening on ACPID Listen Socket.
[[0;32m  OK  [0m] Listening on D-Bus System Message Bus Socket.
         Starting LXD - unix socket.
[[0;32m  OK  [0m] Started Daily apt upgrade and clean activities.
[[0;32m  OK  [0m] Started ACPI Events Check.
[[0;32m  OK  [0m] Reached target Paths.
[[0;32m  OK  [0m] Listening on Open-iSCSI iscsid Socket.
[[0;32m  OK  [0m] Listening on cloud-init hotplug hook socket.
[[0;32m  OK  [0m] Started Message of the Day.
[[0;32m  OK  [0m] Reached target Timers.
[[0;32m  OK  [0m] Reached target Network is Online.
[[0;32m  OK  [0m] Reached target Remote File Systems (Pre).
         Starting Availability of block devices...
         Mounting /vagrant...
[[0;32m  OK  [0m] Reached target Cloud-config availability.
[[0;32m  OK  [0m] Listening on Socket activation for snappy daemon.
[[0;32m  OK  [0m] Listening on LXD - unix socket.
[[0;32m  OK  [0m] Reached target Sockets.
[[0;32m  OK  [0m] Reached target Basic System.
[[0;32m  OK  [0m] Reached target Login Prompts (Pre).
         Starting Dispatcher daemon for systemd-networkd...
         Starting LXD - container startup/shutdown...
         Starting Login Service...
[[0;32m  OK  [0m] Started Regular background program processing daemon.
         Starting PostgreSQL Cluster 10-main...
         Starting Resets System Activity Data Collector...
         Starting OpenBSD Secure Shell server...
         Starting System Logging Service...
[[0;32m  OK  [0m] Started D-Bus System Message Bus.
[[0;32m  OK  [0m] Started Login Service.
[[0;32m  OK  [0m] Started FUSE filesystem for LXC.
         Starting Accounts Service...
         Starting Virtualbox guest utils...
[[0;32m  OK  [0m] Started irqbalance daemon.
         Starting Snap Daemon...
[[0;32m  OK  [0m] Started Unattended Upgrades Shutdown.
[[0;32m  OK  [0m] Started Deferred execution scheduler.
         Starting LSB: Record successful boot for GRUB...
[[0;32m  OK  [0m] Started System Logging Service.
[[0;32m  OK  [0m] Started Availability of block devices.
[[0;32m  OK  [0m] Mounted /vagrant.
[[0;32m  OK  [0m] Started LXD - container startup/shutdown.
[[0;32m  OK  [0m] Started Resets System Activity Data Collector.
[[0;32m  OK  [0m] Started OpenBSD Secure Shell server.
         Starting Authorization Manager...
[[0;32m  OK  [0m] Reached target Remote File Systems.
         Starting Permit User Sessions...
         Starting LSB: automatic crash report generation...
[[0;32m  OK  [0m] Started Permit User Sessions.
         Starting Hold until boot process finishes up...
         Starting Terminate Plymouth Boot Screen...
[[0;32m  OK  [0m] Started Hold until boot process finishes up.
         Starting Set console scheme...
[[0;32m  OK  [0m] Started Serial Getty on ttyS0.
[[0;32m  OK  [0m] Started Terminate Plymouth Boot Screen.
[[0;32m  OK  [0m] Started Authorization Manager.
[[0;32m  OK  [0m] Started Accounts Service.
[[0;32m  OK  [0m] Started Set console scheme.
[[0;32m  OK  [0m] Created slice system-getty.slice.
[[0;32m  OK  [0m] Started Getty on tty1.
[[0;32m  OK  [0m] Reached target Login Prompts.
[[0;32m  OK  [0m] Started Virtualbox guest utils.
[[0;32m  OK  [0m] Started LSB: automatic crash report generation.
[[0;32m  OK  [0m] Started LSB: Record successful boot for GRUB.
[[0;32m  OK  [0m] Started Dispatcher daemon for systemd-networkd.
[[0;32m  OK  [0m] Started Snap Daemon.
         Starting Wait until snapd is fully seeded...
         Starting Time & Date Service...
[[0;32m  OK  [0m] Started Time & Date Service.
[[0;32m  OK  [0m] Started Wait until snapd is fully seeded.
         Starting Apply the settings specified in cloud-config...
[[0;32m  OK  [0m] Created slice User Slice of vagrant.
         Starting User Manager for UID 1000...
[[0;32m  OK  [0m] Started Session 1 of user vagrant.
[[0;32m  OK  [0m] Started User Manager for UID 1000.
[   13.481708] cloud-init[1157]: Cloud-init v. 23.1.2-0ubuntu0~18.04.1 running 'modules:config' at Wed, 12 Jul 2023 21:14:52 +0000. Up 13.28 seconds.
[[0;32m  OK  [0m] Started Apply the settings specified in cloud-config.
[[0;32m  OK  [0m] Started PostgreSQL Cluster 10-main.
         Starting PostgreSQL RDBMS...
[[0;32m  OK  [0m] Started PostgreSQL RDBMS.
[[0;32m  OK  [0m] Reached target Multi-User System.
         Starting Execute cloud user/final scripts...
[[0;32m  OK  [0m] Reached target Graphical Interface.
         Starting Update UTMP about System Runlevel Changes...
[[0;32m  OK  [0m] Started Update UTMP about System Runlevel Changes.
[   15.526426] cloud-init[1329]: Cloud-init v. 23.1.2-0ubuntu0~18.04.1 running 'modules:final' at Wed, 12 Jul 2023 21:14:54 +0000. Up 15.31 seconds.
[   15.529123] cloud-init[1329]: Cloud-init v. 23.1.2-0ubuntu0~18.04.1 finished at Wed, 12 Jul 2023 21:14:55 +0000. Datasource DataSourceNoCloud [seed=/dev/sdb][dsmode=net].  Up 15.51 seconds
[[0;32m  OK  [0m] Started Execute cloud user/final scripts.
[[0;32m  OK  [0m] Reached target Cloud-init target.

Ubuntu 18.04.6 LTS ubuntu-bionic ttyS0

ubuntu-bionic login: 